
> iris-messaging-ui@0.1.0 build
> tsc --noEmit && echo 'Build check passed'

scripts/architecture-check.ts(18,7): error TS6133: '__dirname' is declared but its value is never read.
scripts/architecture-check.ts(57,3): error TS6133: 'srcDir' is declared but its value is never read.
src/api/boundary/MessagingBoundary.ts(62,3): error TS6133: 'roundTimestamp' is declared but its value is never read.
src/api/core/index.ts(21,1): error TS2308: Module './messageAppend' has already exported a member named 'ThreadRepository'. Consider explicitly re-exporting to resolve the ambiguity.
src/api/core/index.ts(24,1): error TS2308: Module './messageAppend' has already exported a member named 'MessageRepository'. Consider explicitly re-exporting to resolve the ambiguity.
src/api/core/index.ts(24,1): error TS2308: Module './messageAppend' has already exported a member named 'OfflineQueueRepository'. Consider explicitly re-exporting to resolve the ambiguity.
src/api/core/index.ts(24,1): error TS2308: Module './messageAppend' has already exported a member named 'ThreadRepository'. Consider explicitly re-exporting to resolve the ambiguity.
src/api/core/invariants.ts(295,14): error TS2322: Type '"OPEN"' is not assignable to type '"PAUSED" | "CLOSED" | "ARCHIVED"'.
src/api/core/syncDelivery.ts(28,3): error TS6133: 'validateOfflineQueue' is declared but its value is never read.
src/api/core/syncDelivery.ts(265,5): error TS2322: Type 'number | null' is not assignable to type 'number | undefined'.
  Type 'null' is not assignable to type 'number | undefined'.
src/api/http/routes/health.ts(122,31): error TS6133: 'request' is declared but its value is never read.
src/api/http/server.ts(38,10): error TS6133: 'generateRequestId' is declared but its value is never read.
src/api/http/server.ts(101,52): error TS6133: 'reply' is declared but its value is never read.
src/api/repositories/memory/InMemoryMessageRepository.ts(95,5): error TS6133: 'timestamp' is declared but its value is never read.
src/api/repositories/memory/InMemoryMessageRepository.ts(96,5): error TS6133: 'failureReason' is declared but its value is never read.
src/app/bootstrap/AppBootstrap.ts(27,1): error TS6133: 'Database' is declared but its value is never read.
src/app/main.ts(21,26): error TS2459: Module '"./bootstrap/AppBootstrap"' declares 'AppConfig' locally, but it is not exported.
src/architecture/rules/tests/architecture-check-script.spec.ts(17,18): error TS5097: An import path can only end with a '.ts' extension when 'allowImportingTsExtensions' is enabled.
src/architecture/rules/tests/architecture-check-script.spec.ts(17,18): error TS6059: File 'C:/Users/flavi/Iris/scripts/architecture-check.ts' is not under 'rootDir' 'C:/Users/flavi/Iris/src'. 'rootDir' is expected to contain all source files.
src/architecture/rules/tests/cqrs.rules.spec.ts(13,8): error TS2459: Module '"../cqrs.rules"' declares 'ImportGraph' locally, but it is not exported.
src/architecture/rules/tests/layering.rules.spec.ts(14,8): error TS2459: Module '"../layering.rules"' declares 'ImportGraph' locally, but it is not exported.
src/architecture/rules/tests/layering.rules.spec.ts(15,8): error TS6133: 'Layer' is declared but its value is never read.
src/core/behavioral-snapshot/level1-deriver.ts(13,1): error TS6192: All imports in import declaration are unused.
src/core/events/tests/DomainEvents.spec.ts(128,22): error TS6133: 'msg' is declared but its value is never read.
src/core/events/tests/DomainEvents.spec.ts(279,29): error TS2339: Property 'getTitle' does not exist on type 'never'.
src/core/events/tests/DomainEvents.spec.ts(279,62): error TS2339: Property 'getTitle' does not exist on type 'never'.
src/core/events/tests/EventLayerFreeze.spec.ts(143,23): error TS2339: Property 'getTitle' does not exist on type 'never'.
src/core/events/tests/EventLayerFreeze.spec.ts(143,49): error TS2339: Property 'getTitle' does not exist on type 'never'.
src/core/events/tests/EventLayerFreeze.spec.ts(144,23): error TS2339: Property 'getTitle' does not exist on type 'never'.
src/core/events/tests/EventLayerFreeze.spec.ts(144,49): error TS2339: Property 'getTitle' does not exist on type 'never'.
src/core/events/tests/EventStore.spec.ts(78,30): error TS2322: Type 'Promise<number>' is not assignable to type 'Promise<void>'.
  Type 'number' is not assignable to type 'void'.
src/core/events/tests/EventStore.spec.ts(83,30): error TS2322: Type 'Promise<number>' is not assignable to type 'Promise<void>'.
  Type 'number' is not assignable to type 'void'.
src/core/execution/action-lifecycle.ts(34,7): error TS2322: Type 'Readonly<{ planned: readonly string[]; executing: readonly string[]; applied: readonly string[]; reverted: readonly never[]; failed: readonly never[]; }>' is not assignable to type 'Readonly<Record<ActionLifecycleState, readonly ActionLifecycleState[]>>'.
  Types of property 'planned' are incompatible.
    Type 'readonly string[]' is not assignable to type 'readonly ActionLifecycleState[]'.
      Type 'string' is not assignable to type 'ActionLifecycleState'.
src/core/execution/adapters/CalendarAdapter.ts(11,11): error TS6133: 'action' is declared but its value is never read.
src/core/execution/adapters/InboxAdapter.ts(11,11): error TS6133: 'action' is declared but its value is never read.
src/core/execution/adapters/InboxAdapter.ts(18,11): error TS6133: 'action' is declared but its value is never read.
src/core/execution/adapters/NotificationAdapter.ts(11,11): error TS6133: 'action' is declared but its value is never read.
src/core/execution/guardrails/MaxActionsPerWindowGuardrail.ts(11,9): error TS6133: 'action' is declared but its value is never read.
src/core/execution/tests/ExecutionConformance.spec.ts(87,21): error TS2339: Property 'reason' does not exist on type 'ExecutionResult'.
  Property 'reason' does not exist on type '{ readonly status: "EXECUTED"; readonly executedAt: number; }'.
src/core/execution/tests/ExecutionConformance.spec.ts(106,21): error TS2339: Property 'reason' does not exist on type 'ExecutionResult'.
  Property 'reason' does not exist on type '{ readonly status: "EXECUTED"; readonly executedAt: number; }'.
src/core/execution/tests/ExecutionConformance.spec.ts(117,21): error TS2339: Property 'reason' does not exist on type 'ExecutionResult'.
  Property 'reason' does not exist on type '{ readonly status: "EXECUTED"; readonly executedAt: number; }'.
src/core/execution/tests/ExecutionConformance.spec.ts(131,21): error TS2339: Property 'reason' does not exist on type 'ExecutionResult'.
  Property 'reason' does not exist on type '{ readonly status: "EXECUTED"; readonly executedAt: number; }'.
src/core/plugins/capability/CapabilityGovernance.ts(35,24): error TS2345: Argument of type 'readonly string[] | undefined' is not assignable to parameter of type 'PluginCapabilitySet | undefined'.
  Type 'readonly string[]' is not assignable to type 'readonly PluginCapability[]'.
    Type 'string' is not assignable to type 'PluginCapability'.
src/core/plugins/capability/tests/CapabilityGovernance.spec.ts(44,23): error TS2339: Property 'reason' does not exist on type 'CapabilityDecision'.
  Property 'reason' does not exist on type '{ readonly allowed: true; }'.
src/core/plugins/capability/tests/CapabilityGovernance.spec.ts(63,23): error TS2339: Property 'reason' does not exist on type 'CapabilityDecision'.
  Property 'reason' does not exist on type '{ readonly allowed: true; }'.
src/core/plugins/capability/tests/CapabilityGovernance.spec.ts(92,23): error TS2339: Property 'reason' does not exist on type 'CapabilityDecision'.
  Property 'reason' does not exist on type '{ readonly allowed: true; }'.
src/core/plugins/capability/tests/CapabilityGovernance.spec.ts(102,25): error TS2345: Argument of type 'readonly string[] | undefined' is not assignable to parameter of type 'PluginCapabilitySet | undefined'.
  Type 'readonly string[]' is not assignable to type 'readonly PluginCapability[]'.
    Type 'string' is not assignable to type 'PluginCapability'.
src/core/plugins/capability/tests/CapabilityGovernance.spec.ts(148,23): error TS2339: Property 'reason' does not exist on type 'CapabilityDecision'.
  Property 'reason' does not exist on type '{ readonly allowed: true; }'.
src/core/plugins/capability/tests/CapabilityGovernance.spec.ts(181,25): error TS2345: Argument of type 'readonly string[] | undefined' is not assignable to parameter of type 'PluginCapabilitySet | undefined'.
  Type 'readonly string[]' is not assignable to type 'readonly PluginCapability[]'.
    Type 'string' is not assignable to type 'PluginCapability'.
src/core/plugins/capability/tests/CapabilityGovernance.spec.ts(215,25): error TS2345: Argument of type 'readonly string[] | undefined' is not assignable to parameter of type 'PluginCapabilitySet | undefined'.
  Type 'readonly string[]' is not assignable to type 'readonly PluginCapability[]'.
    Type 'string' is not assignable to type 'PluginCapability'.
src/core/plugins/capability/tests/CapabilityGovernance.spec.ts(269,52): error TS2339: Property 'reason' does not exist on type 'CapabilityDecision'.
  Property 'reason' does not exist on type '{ readonly allowed: true; }'.
src/core/plugins/governance/tests/PluginGovernance.spec.ts(16,8): error TS6133: 'PluginDecision' is declared but its value is never read.
src/core/plugins/governance/tests/PluginGovernance.spec.ts(43,20): error TS6133: 'plugin' is declared but its value is never read.
src/core/plugins/governance/tests/PluginGovernance.spec.ts(161,9): error TS2322: Type '() => number' is not assignable to type '(context: PluginContext) => void | Promise<void>'.
  Type 'number' is not assignable to type 'void | Promise<void>'.
src/core/plugins/governance/tests/PluginGovernance.spec.ts(162,9): error TS2322: Type '() => number' is not assignable to type '(event: ObservedEvent, readModelVersion: string, context: PluginContext) => void | Promise<void>'.
  Type 'number' is not assignable to type 'void | Promise<void>'.
src/core/plugins/governance/tests/PluginGovernance.spec.ts(187,9): error TS2322: Type '() => number' is not assignable to type '(context: PluginContext) => void | Promise<void>'.
  Type 'number' is not assignable to type 'void | Promise<void>'.
src/core/plugins/runtime/PluginSandbox.ts(53,19): error TS2352: Conversion of type 'RegisteredPlugin' to type 'Record<string, unknown>' may be a mistake because neither type sufficiently overlaps with the other. If this was intentional, convert the expression to 'unknown' first.
  Type 'WritePlugin' is not comparable to type 'Record<string, unknown>'.
    Index signature for type 'string' is missing in type 'WritePlugin'.
src/core/plugins/runtime/tests/PluginRuntime.spec.ts(6,32): error TS6133: 'beforeEach' is declared but its value is never read.
src/core/plugins/runtime/tests/PluginRuntime.spec.ts(75,9): error TS2322: Type '() => number' is not assignable to type '(context: PluginContext) => void | Promise<void>'.
  Type 'number' is not assignable to type 'void | Promise<void>'.
src/core/plugins/runtime/tests/PluginRuntime.spec.ts(76,9): error TS2322: Type '() => number' is not assignable to type '(context: PluginContext) => void | Promise<void>'.
  Type 'number' is not assignable to type 'void | Promise<void>'.
src/core/plugins/runtime/tests/PluginRuntime.spec.ts(77,9): error TS2322: Type '() => number' is not assignable to type '(context: PluginContext) => void | Promise<void>'.
  Type 'number' is not assignable to type 'void | Promise<void>'.
src/core/plugins/runtime/tests/PluginRuntime.spec.ts(97,9): error TS2322: Type '() => number' is not assignable to type '(context: PluginContext) => void | Promise<void>'.
  Type 'number' is not assignable to type 'void | Promise<void>'.
src/core/plugins/runtime/tests/PluginRuntime.spec.ts(140,9): error TS2322: Type '() => number' is not assignable to type '(event: ObservedEvent, readModelVersion: string, context: PluginContext) => void | Promise<void>'.
  Type 'number' is not assignable to type 'void | Promise<void>'.
src/core/plugins/runtime/tests/PluginRuntime.spec.ts(165,14): error TS2352: Conversion of type 'PluginContext' to type 'Record<string, unknown>' may be a mistake because neither type sufficiently overlaps with the other. If this was intentional, convert the expression to 'unknown' first.
  Index signature for type 'string' is missing in type 'PluginContext'.
src/core/plugins/runtime/tests/PluginRuntime.spec.ts(206,9): error TS2322: Type '() => number' is not assignable to type '(event: ObservedEvent, readModelVersion: string, context: PluginContext) => void | Promise<void>'.
  Type 'number' is not assignable to type 'void | Promise<void>'.
src/core/plugins/runtime/tests/PluginRuntime.spec.ts(210,9): error TS2322: Type '() => number' is not assignable to type '(command: ObservedCommand, context: PluginContext) => void | Promise<void>'.
  Type 'number' is not assignable to type 'void | Promise<void>'.
src/core/plugins/runtime/tests/PluginRuntime.spec.ts(241,9): error TS2353: Object literal may only specify known properties, and 'beforeCommand' does not exist in type 'ReadPlugin'.
src/core/plugins/tenant/tests/TenantGovernance.spec.ts(42,13): error TS6133: 'plugin' is declared but its value is never read.
src/core/plugins/tenant/tests/TenantGovernance.spec.ts(55,9): error TS2322: Type '() => number' is not assignable to type '(context: PluginContext) => void | Promise<void>'.
  Type 'number' is not assignable to type 'void | Promise<void>'.
src/core/plugins/tenant/tests/TenantGovernance.spec.ts(98,9): error TS2322: Type '() => number' is not assignable to type '(context: PluginContext) => void | Promise<void>'.
  Type 'number' is not assignable to type 'void | Promise<void>'.
src/core/plugins/tenant/tests/TenantGovernance.spec.ts(99,9): error TS2322: Type '() => number' is not assignable to type '(event: ObservedEvent, readModelVersion: string, context: PluginContext) => void | Promise<void>'.
  Type 'number' is not assignable to type 'void | Promise<void>'.
src/core/plugins/tenant/tests/TenantGovernance.spec.ts(137,23): error TS2339: Property 'reason' does not exist on type 'TenantDecision'.
  Property 'reason' does not exist on type '{ readonly allow: true; }'.
src/core/plugins/tests/PluginContracts.spec.ts(11,3): error TS6196: 'PluginMetadata' is declared but never used.
src/core/policies/tests/FeatureActivationPolicyConformance.spec.ts(21,3): error TS6133: 'FEATURE_SELF_DISCIPLINE_POLICY_ID' is declared but its value is never read.
src/core/policies/tests/FeatureActivationPolicyConformance.spec.ts(78,3): error TS2304: Cannot find name 'beforeEach'.
src/core/policies/tests/FeatureActivationPolicyConformance.spec.ts(148,23): error TS2339: Property 'reason' does not exist on type 'FeaturePolicyDecision'.
  Property 'reason' does not exist on type '{ readonly status: "ALLOWED"; }'.
src/core/policies/tests/FeatureActivationPolicyConformance.spec.ts(171,23): error TS2339: Property 'reason' does not exist on type 'FeaturePolicyDecision'.
  Property 'reason' does not exist on type '{ readonly status: "ALLOWED"; }'.
src/core/policies/tests/FeatureActivationPolicyConformance.spec.ts(202,23): error TS2339: Property 'reason' does not exist on type 'FeaturePolicyDecision'.
  Property 'reason' does not exist on type '{ readonly status: "ALLOWED"; }'.
src/core/policies/tests/FeatureActivationPolicyConformance.spec.ts(272,23): error TS2339: Property 'reason' does not exist on type 'FeaturePolicyDecision'.
  Property 'reason' does not exist on type '{ readonly status: "ALLOWED"; }'.
src/core/privacy-guard/tests/PrivacyGuard.spec.ts(24,5): error TS2783: 'eventType' is specified more than once, so this usage will be overwritten.
src/core/resolution/conflict-rules.ts(9,1): error TS6133: 'AuthoritySourceId' is declared but its value is never read.
src/core/resolution/resolution-audit.ts(135,20): error TS18046: 'd' is of type 'unknown'.
src/core/resolution/resolution-audit.ts(136,15): error TS18046: 'd' is of type 'unknown'.
src/core/resolution/resolution-audit.ts(137,15): error TS18046: 'd' is of type 'unknown'.
src/core/resolution/resolution-audit.ts(138,15): error TS18046: 'd' is of type 'unknown'.
src/core/state-derivation/StateDerivationEngine.ts(68,7): error TS2345: Argument of type 'Readonly<{ label: "FOCUSED"; confidence: 0.9; supportingStates: readonly string[]; }>' is not assignable to parameter of type 'DerivedExperienceCandidate'.
  Types of property 'supportingStates' are incompatible.
    Type 'readonly string[]' is not assignable to type 'readonly UxStateType[]'.
      Type 'string' is not assignable to type 'UxStateType'.
src/core/state-derivation/StateDerivationEngine.ts(77,7): error TS2345: Argument of type 'Readonly<{ label: "OVERLOADED"; confidence: 0.85; supportingStates: readonly string[]; }>' is not assignable to parameter of type 'DerivedExperienceCandidate'.
  Types of property 'supportingStates' are incompatible.
    Type 'readonly string[]' is not assignable to type 'readonly UxStateType[]'.
      Type 'string' is not assignable to type 'UxStateType'.
src/core/state-derivation/StateDerivationEngine.ts(86,7): error TS2345: Argument of type 'Readonly<{ label: "BLOCKED"; confidence: 0.9; supportingStates: readonly string[]; }>' is not assignable to parameter of type 'DerivedExperienceCandidate'.
  Types of property 'supportingStates' are incompatible.
    Type 'readonly string[]' is not assignable to type 'readonly UxStateType[]'.
      Type 'string' is not assignable to type 'UxStateType'.
src/core/state-derivation/StateDerivationEngine.ts(95,7): error TS2345: Argument of type 'Readonly<{ label: "WAITING"; confidence: 0.8; supportingStates: readonly string[]; }>' is not assignable to parameter of type 'DerivedExperienceCandidate'.
  Types of property 'supportingStates' are incompatible.
    Type 'readonly string[]' is not assignable to type 'readonly UxStateType[]'.
      Type 'string' is not assignable to type 'UxStateType'.
src/core/state-derivation/StateDerivationEngine.ts(129,7): error TS2345: Argument of type 'Readonly<{ featureId: string; eligible: boolean; reason: "FOCUS_ACTIVE state present" | "FOCUS_ACTIVE state not present"; derivedFromStates: readonly string[]; }>' is not assignable to parameter of type 'FeatureEligibility'.
  Types of property 'derivedFromStates' are incompatible.
    Type 'readonly string[]' is not assignable to type 'readonly UxStateType[]'.
      Type 'string' is not assignable to type 'UxStateType'.
src/core/state-derivation/StateDerivationEngine.ts(140,7): error TS2345: Argument of type 'Readonly<{ featureId: string; eligible: boolean; reason: "WELLBEING_BLOCK state present" | "WELLBEING_BLOCK state not present"; derivedFromStates: readonly string[]; }>' is not assignable to parameter of type 'FeatureEligibility'.
  Types of property 'derivedFromStates' are incompatible.
    Type 'readonly string[]' is not assignable to type 'readonly UxStateType[]'.
      Type 'string' is not assignable to type 'UxStateType'.
src/core/state-derivation/StateDerivationEngine.ts(151,7): error TS2345: Argument of type 'Readonly<{ featureId: string; eligible: boolean; reason: "OVERLOADED: inbox features suppressed" | "No OVERLOADED state"; derivedFromStates: readonly string[]; }>' is not assignable to parameter of type 'FeatureEligibility'.
  Types of property 'derivedFromStates' are incompatible.
    Type 'readonly string[]' is not assignable to type 'readonly UxStateType[]'.
      Type 'string' is not assignable to type 'UxStateType'.
src/core/user-preferences/tests/UserPreferenceConformance.spec.ts(18,3): error TS6133: 'NOTIFICATION_CONSENT_RULE_ID' is declared but its value is never read.
src/core/user-preferences/tests/UserPreferenceConformance.spec.ts(34,3): error TS2322: Type 'Readonly<{ id: string; value: { type: string; value: boolean; } | { type: string; value: string; }; updatedAt: 1704110400000; }>' is not assignable to type 'UserPreference'.
  Types of property 'value' are incompatible.
    Type '{ type: string; value: boolean; } | { type: string; value: string; }' is not assignable to type 'UserPreferenceValue'.
      Type '{ type: string; value: boolean; }' is not assignable to type 'UserPreferenceValue'.
        Type '{ type: string; value: boolean; }' is not assignable to type '{ readonly type: "BOOLEAN"; readonly value: boolean; }'.
          Types of property 'type' are incompatible.
            Type 'string' is not assignable to type '"BOOLEAN"'.
src/core/user-preferences/tests/UserPreferenceConformance.spec.ts(74,23): error TS2339: Property 'reason' does not exist on type 'FeaturePolicyDecision'.
  Property 'reason' does not exist on type '{ readonly status: "ALLOWED"; }'.
src/core/user-preferences/tests/UserPreferenceConformance.spec.ts(97,23): error TS2339: Property 'reason' does not exist on type 'FeaturePolicyDecision'.
  Property 'reason' does not exist on type '{ readonly status: "ALLOWED"; }'.
src/core/user-preferences/tests/UserPreferenceConformance.spec.ts(120,23): error TS2339: Property 'reason' does not exist on type 'FeaturePolicyDecision'.
  Property 'reason' does not exist on type '{ readonly status: "ALLOWED"; }'.
src/core/user-preferences/tests/UserPreferencesConformance.spec.ts(10,1): error TS6133: 'FeaturePolicyDecision' is declared but its value is never read.
src/core/user-preferences/tests/UserPreferencesConformance.spec.ts(37,26): error TS2345: Argument of type 'null' is not assignable to parameter of type 'UserPreferenceStore'.
src/core/verification/killer-feature-coverage/guarantees/NoExecutionGuarantee.ts(18,7): error TS6133: 'FORBIDDEN_IMPORTS' is declared but its value is never read.
src/core/verification/killer-feature-coverage/guarantees/NoExecutionGuarantee.ts(19,7): error TS6133: 'FORBIDDEN_KEYWORDS' is declared but its value is never read.
src/core/verification/killer-feature-coverage/signal-coverage/SemanticSignalCoverage.ts(27,7): error TS2322: Type 'Readonly<{ 'focus-intelligence': readonly string[]; 'wellbeing-protection': readonly string[]; 'cognitive-load-awareness': readonly string[]; 'contextual-readiness': readonly string[]; }>' is not assignable to type 'Readonly<Record<KillerFeatureId, readonly SemanticSignalType[]>>'.
  Types of property '"wellbeing-protection"' are incompatible.
    Type 'readonly string[]' is not assignable to type 'readonly SemanticSignalType[]'.
      Type 'string' is not assignable to type 'SemanticSignalType'.
src/demo/ui/panels/ExperiencePanel.tsx(9,40): error TS2307: Cannot find module '../../../../product/ux-experience/UxExperienceState' or its corresponding type declarations.
src/demo/ui/panels/FeaturePanel.tsx(10,42): error TS2307: Cannot find module '../../../../product/orchestration/OrchestratedFeature' or its corresponding type declarations.
src/demo/ui/panels/UxStatePanel.tsx(9,38): error TS2307: Cannot find module '../../../../messaging-system/ux-state/UxStateSnapshot' or its corresponding type declarations.
src/demo/ui/panels/UxStatePanel.tsx(36,32): error TS7006: Parameter 's' implicitly has an 'any' type.
src/distributed/causal_invariants.ts(627,45): error TS4104: The type 'readonly InvariantCoverageEntry[]' is 'readonly' and cannot be assigned to the mutable type 'InvariantCoverageEntry[]'.
src/distributed/cluster_compliance_executor.ts(88,9): error TS2322: Type 'TCluster' is not assignable to type 'Record<string, unknown>'.
  Type 'ClusterStateExecutionInput' is not assignable to type 'Record<string, unknown>'.
    Index signature for type 'string' is missing in type 'ClusterStateExecutionInput'.
src/distributed/cluster_compliance_executor.ts(123,44): error TS7053: Element implicitly has an 'any' type because expression of type 'string' can't be used to index type '{}'.
  No index signature with a parameter of type 'string' was found on type '{}'.
src/distributed/cluster_lifecycle_engine.ts(310,45): error TS2345: Argument of type 'ClusterState & { readonly invariants: readonly InvariantEvaluation[]; readonly overallCompliance: InvariantResult; }' is not assignable to parameter of type 'ClusterStateComplianceInput'.
  Types of property 'globalPhase' are incompatible.
    Type 'import("C:/Users/flavi/Iris/src/distributed/cluster_lifecycle_engine").ClusterPhase' is not assignable to type 'import("C:/Users/flavi/Iris/src/distributed/cluster_compliance_engine").ClusterPhase'.
      Type '"HALTED"' is not assignable to type 'ClusterPhase'.
src/distributed/event_validation.ts(344,7): error TS2561: Object literal may only specify known properties, but 'causalInvariantCoverage' does not exist in type 'GlobalInputValidationResult'. Did you mean to write 'invariantCoverage'?
src/distributed/event_validation.ts(352,9): error TS2561: Object literal may only specify known properties, but 'causalInvariantCoverage' does not exist in type 'GlobalInputValidationResult'. Did you mean to write 'invariantCoverage'?
src/distributed/invariants.ts(200,45): error TS4104: The type 'readonly InvariantCoverageEntry[]' is 'readonly' and cannot be assigned to the mutable type 'InvariantCoverageEntry[]'.
src/distributed/payload_domain.ts(55,20): error TS2304: Cannot find name 'DistributedEvent'.
src/distributed/payload_domain.ts(56,33): error TS2304: Cannot find name 'DistributedEvent'.
src/distributed/payload_domain.ts(56,54): error TS2304: Cannot find name 'DistributedEvent'.
src/infra/signal-quality/tests/SignalQualityConformance.spec.ts(15,1): error TS6133: 'QualifiedSignalEvent' is declared but its value is never read.
src/iris/action-bridge/tests/IrisActionIntentTyping.spec.ts(19,10): error TS6133: 'collectTsFiles' is declared but its value is never read.
src/iris/contract/tests/IrisContractCompatibility.spec.ts(23,13): error TS2322: Type 'Readonly<{ capabilityId: "cap-1"; supportedIntentTypes: readonly string[]; }>' is not assignable to type 'IrisExecutionCapability'.
  Types of property 'supportedIntentTypes' are incompatible.
    Type 'readonly string[]' is not assignable to type 'readonly ("request" | "notify" | "confirm" | "inform" | "follow_up" | "escalate" | "broadcast")[]'.
      Type 'string' is not assignable to type '"request" | "notify" | "confirm" | "inform" | "follow_up" | "escalate" | "broadcast"'.
src/iris/contract/tests/IrisContractCompatibility.spec.ts(40,13): error TS2322: Type 'Readonly<{ capabilityId: "cap-1"; supportedIntentTypes: readonly string[]; }>' is not assignable to type 'IrisExecutionCapability'.
  Types of property 'supportedIntentTypes' are incompatible.
    Type 'readonly string[]' is not assignable to type 'readonly ("request" | "notify" | "confirm" | "inform" | "follow_up" | "escalate" | "broadcast")[]'.
      Type 'string' is not assignable to type '"request" | "notify" | "confirm" | "inform" | "follow_up" | "escalate" | "broadcast"'.
src/iris/contract/tests/IrisContractCompatibility.spec.ts(82,13): error TS2322: Type 'Readonly<{ capabilityId: "c1"; supportedIntentTypes: readonly string[]; }>' is not assignable to type 'IrisExecutionCapability'.
  Types of property 'supportedIntentTypes' are incompatible.
    Type 'readonly string[]' is not assignable to type 'readonly ("request" | "notify" | "confirm" | "inform" | "follow_up" | "escalate" | "broadcast")[]'.
      Type 'string' is not assignable to type '"request" | "notify" | "confirm" | "inform" | "follow_up" | "escalate" | "broadcast"'.
src/iris/contract/tests/IrisContractCompatibility.spec.ts(95,13): error TS2322: Type 'Readonly<{ contracts: readonly never[]; capabilities: readonly Readonly<{ capabilityId: "cap-1"; supportedIntentTypes: readonly string[]; }>[]; compatibilityNotes: readonly Readonly<{ description: "Note."; }>[]; }>' is not assignable to type 'IrisContractCompatibilitySnapshot'.
  Types of property 'capabilities' are incompatible.
    Type 'readonly Readonly<{ capabilityId: "cap-1"; supportedIntentTypes: readonly string[]; }>[]' is not assignable to type 'readonly IrisExecutionCapability[]'.
      Type 'Readonly<{ capabilityId: "cap-1"; supportedIntentTypes: readonly string[]; }>' is not assignable to type 'IrisExecutionCapability'.
        Types of property 'supportedIntentTypes' are incompatible.
          Type 'readonly string[]' is not assignable to type 'readonly ("request" | "notify" | "confirm" | "inform" | "follow_up" | "escalate" | "broadcast")[]'.
            Type 'string' is not assignable to type '"request" | "notify" | "confirm" | "inform" | "follow_up" | "escalate" | "broadcast"'.
src/iris/delivery/tests/IrisDeliveryEngine.spec.ts(65,19): error TS6133: 'c' is declared but its value is never read.
src/iris/delivery/tests/IrisDeliveryEngine.spec.ts(75,19): error TS6133: 'c' is declared but its value is never read.
src/iris/feedback/IrisFeedbackEngine.ts(8,1): error TS6133: 'IrisFeedbackSignal' is declared but its value is never read.
src/iris/governance/audit/IrisAuditCollector.ts(9,46): error TS2307: Cannot find module '../../../interpretation' or its corresponding type declarations.
src/iris/governance/audit/IrisAuditCollector.ts(10,46): error TS2307: Cannot find module '../../../orchestration' or its corresponding type declarations.
src/iris/governance/audit/IrisAuditCollector.ts(11,41): error TS2307: Cannot find module '../../../messaging' or its corresponding type declarations.
src/iris/governance/audit/IrisAuditCollector.ts(12,39): error TS2307: Cannot find module '../../../rendering' or its corresponding type declarations.
src/iris/governance/tests/10.0.governance-freeze-conformance.spec.ts(141,70): error TS7006: Parameter 'r' implicitly has an 'any' type.
src/iris/interpretation/tests/IrisInterpretationEngine.spec.ts(8,1): error TS6133: 'SemanticSnapshot' is declared but its value is never read.
src/iris/interpretation/tests/IrisInterpretationEngine.spec.ts(12,8): error TS6133: 'IrisInterpretation' is declared but its value is never read.
src/iris/messaging/tests/IrisMessagingEngine.spec.ts(129,17): error TS2352: Conversion of type 'IrisMessageEnvelope' to type 'Record<string, unknown>' may be a mistake because neither type sufficiently overlaps with the other. If this was intentional, convert the expression to 'unknown' first.
  Index signature for type 'string' is missing in type 'IrisMessageEnvelope'.
src/iris/orchestration/tests/IrisOrchestrationEngine.spec.ts(28,19): error TS6133: 'snapshot' is declared but its value is never read.
src/iris/orchestration/tests/IrisOrchestrationEngine.spec.ts(40,19): error TS6133: 'snapshot' is declared but its value is never read.
src/iris/tests/11.x.decision-plane-freeze-conformance.spec.ts(18,8): error TS6133: 'IrisDecisionSelectionSnapshot' is declared but its value is never read.
src/iris/tests/11.x.decision-plane-freeze-conformance.spec.ts(151,13): error TS6133: 'evaluationSnapshot' is declared but its value is never read.
src/iris/tests/11.x.decision-plane-freeze-conformance.spec.ts(182,13): error TS6133: 'evalSnapshot' is declared but its value is never read.
src/iris/tests/12.x.action-bridge-final-freeze-conformance.spec.ts(22,8): error TS6133: 'IrisMessagingContractSnapshot' is declared but its value is never read.
src/logging/audit.ts(265,4): error TS2577: Return type annotation circularly references itself.
src/logging/audit.ts(284,13): error TS2456: Type alias 'CanonicalAuditSnapshot' circularly references itself.
src/messaging-system/action-plan/tests/ActionPlanBuilderConformance.spec.ts(16,8): error TS6133: 'ActionPlanSnapshot' is declared but its value is never read.
src/messaging-system/action-plan/tests/ActionPlanBuilderConformance.spec.ts(73,11): error TS2352: Conversion of type 'Readonly<{ contractId: "c1"; intentId: "i1"; intentType: "notify"; messagePurpose: "p"; derivedAt: "2025-01-01T12:00:00.000Z"; }>' to type 'MessagingContract' may be a mistake because neither type sufficiently overlaps with the other. If this was intentional, convert the expression to 'unknown' first.
  Property 'messageKind' is missing in type 'Readonly<{ contractId: "c1"; intentId: "i1"; intentType: "notify"; messagePurpose: "p"; derivedAt: "2025-01-01T12:00:00.000Z"; }>' but required in type 'MessagingContract'.
src/messaging-system/action-plan/tests/ActionPlanBuilderConformance.spec.ts(121,10): error TS2352: Conversion of type 'Readonly<{ contractId: "c1"; intentId: "i1"; intentType: "notify"; messagePurpose: "p"; derivedAt: "2025-01-01T12:00:00.000Z"; }>' to type 'MessagingContract' may be a mistake because neither type sufficiently overlaps with the other. If this was intentional, convert the expression to 'unknown' first.
  Property 'messageKind' is missing in type 'Readonly<{ contractId: "c1"; intentId: "i1"; intentType: "notify"; messagePurpose: "p"; derivedAt: "2025-01-01T12:00:00.000Z"; }>' but required in type 'MessagingContract'.
src/messaging-system/action-plan/tests/ActionPlanBuilderConformance.spec.ts(155,10): error TS2352: Conversion of type 'Readonly<{ contractId: "c1"; intentId: "i1"; intentType: "notify"; messagePurpose: "p"; derivedAt: "2025-01-01T12:00:00.000Z"; }>' to type 'MessagingContract' may be a mistake because neither type sufficiently overlaps with the other. If this was intentional, convert the expression to 'unknown' first.
  Property 'messageKind' is missing in type 'Readonly<{ contractId: "c1"; intentId: "i1"; intentType: "notify"; messagePurpose: "p"; derivedAt: "2025-01-01T12:00:00.000Z"; }>' but required in type 'MessagingContract'.
src/messaging-system/action-plan/tests/ActionPlanBuilderConformance.spec.ts(170,10): error TS2352: Conversion of type 'Readonly<{ contractId: "c1"; intentId: "i1"; intentType: "notify"; messagePurpose: "p"; derivedAt: "2025-01-01T12:00:00.000Z"; }>' to type 'MessagingContract' may be a mistake because neither type sufficiently overlaps with the other. If this was intentional, convert the expression to 'unknown' first.
  Property 'messageKind' is missing in type 'Readonly<{ contractId: "c1"; intentId: "i1"; intentType: "notify"; messagePurpose: "p"; derivedAt: "2025-01-01T12:00:00.000Z"; }>' but required in type 'MessagingContract'.
src/messaging-system/action-plan/tests/ActionPlanBuilderConformance.spec.ts(249,10): error TS2352: Conversion of type 'Readonly<{ contractId: "c1"; intentId: "i1"; intentType: "notify"; messagePurpose: "p"; derivedAt: "2025-01-01T12:00:00.000Z"; }>' to type 'MessagingContract' may be a mistake because neither type sufficiently overlaps with the other. If this was intentional, convert the expression to 'unknown' first.
  Property 'messageKind' is missing in type 'Readonly<{ contractId: "c1"; intentId: "i1"; intentType: "notify"; messagePurpose: "p"; derivedAt: "2025-01-01T12:00:00.000Z"; }>' but required in type 'MessagingContract'.
src/messaging-system/action-plan/tests/ActionPlanBuilderConformance.spec.ts(285,11): error TS2352: Conversion of type 'Readonly<{ contractId: "c1"; intentId: "i1"; intentType: "notify"; messagePurpose: "p"; derivedAt: "2025-01-01T12:00:00.000Z"; }>' to type 'MessagingContract' may be a mistake because neither type sufficiently overlaps with the other. If this was intentional, convert the expression to 'unknown' first.
  Property 'messageKind' is missing in type 'Readonly<{ contractId: "c1"; intentId: "i1"; intentType: "notify"; messagePurpose: "p"; derivedAt: "2025-01-01T12:00:00.000Z"; }>' but required in type 'MessagingContract'.
src/messaging-system/action-plan/tests/ActionPlanBuilderConformance.spec.ts(286,11): error TS2352: Conversion of type 'Readonly<{ contractId: "c2"; intentId: "i2"; intentType: "request"; messagePurpose: "q"; derivedAt: "2025-01-01T12:00:00.000Z"; }>' to type 'MessagingContract' may be a mistake because neither type sufficiently overlaps with the other. If this was intentional, convert the expression to 'unknown' first.
  Property 'messageKind' is missing in type 'Readonly<{ contractId: "c2"; intentId: "i2"; intentType: "request"; messagePurpose: "q"; derivedAt: "2025-01-01T12:00:00.000Z"; }>' but required in type 'MessagingContract'.
src/messaging-system/capabilities/tests/AdapterCapabilityMatrixConformance.spec.ts(16,3): error TS6133: 'MESSAGING_CAPABILITY_TYPES' is declared but its value is never read.
src/messaging-system/capabilities/tests/AdapterCapabilityMatrixConformance.spec.ts(17,3): error TS6133: 'ADAPTER_TYPES' is declared but its value is never read.
src/messaging-system/capabilities/tests/AdapterCapabilityMatrixConformance.spec.ts(67,13): error TS2322: Type 'Readonly<{ adapterId: "ad-1"; adapterType: "LOCAL_AI"; supportedCapabilities: readonly string[]; supportedMessageKinds: readonly ("request" | "search" | "signal" | "index" | "voice" | "summary" | "notify" | "confirm" | "inform" | "gate")[]; }>' is not assignable to type 'AdapterDescriptor'.
  Types of property 'supportedCapabilities' are incompatible.
    Type 'readonly string[]' is not assignable to type 'readonly ("TEXT_SEND" | "VOICE_SEND" | "VOICE_TRANSCRIPTION" | "AI_SUMMARY" | "THREAD_SYNTHESIS" | "SEMANTIC_SEARCH" | "INBOX_PRIORITIZATION" | "ANTI_GHOSTING_SIGNAL" | "SOCIAL_COACH_SIGNAL" | "DIGITAL_WELLBEING_GATE" | "SECOND_BRAIN_INDEXING")[]'.
      Type 'string' is not assignable to type '"TEXT_SEND" | "VOICE_SEND" | "VOICE_TRANSCRIPTION" | "AI_SUMMARY" | "THREAD_SYNTHESIS" | "SEMANTIC_SEARCH" | "INBOX_PRIORITIZATION" | "ANTI_GHOSTING_SIGNAL" | "SOCIAL_COACH_SIGNAL" | "DIGITAL_WELLBEING_GATE" | "SECOND_BRAIN_INDEXING"'.
src/messaging-system/capabilities/tests/AdapterCapabilityMatrixConformance.spec.ts(142,9): error TS2322: Type 'Readonly<{ adapterId: "local-ai"; adapterType: "LOCAL_AI"; supportedCapabilities: readonly string[]; supportedMessageKinds: readonly ("request" | "search" | "signal" | "index" | "voice" | "summary" | "notify" | "confirm" | "inform" | "gate")[]; }>' is not assignable to type 'AdapterDescriptor'.
  Types of property 'supportedCapabilities' are incompatible.
    Type 'readonly string[]' is not assignable to type 'readonly ("TEXT_SEND" | "VOICE_SEND" | "VOICE_TRANSCRIPTION" | "AI_SUMMARY" | "THREAD_SYNTHESIS" | "SEMANTIC_SEARCH" | "INBOX_PRIORITIZATION" | "ANTI_GHOSTING_SIGNAL" | "SOCIAL_COACH_SIGNAL" | "DIGITAL_WELLBEING_GATE" | "SECOND_BRAIN_INDEXING")[]'.
      Type 'string' is not assignable to type '"TEXT_SEND" | "VOICE_SEND" | "VOICE_TRANSCRIPTION" | "AI_SUMMARY" | "THREAD_SYNTHESIS" | "SEMANTIC_SEARCH" | "INBOX_PRIORITIZATION" | "ANTI_GHOSTING_SIGNAL" | "SOCIAL_COACH_SIGNAL" | "DIGITAL_WELLBEING_GATE" | "SECOND_BRAIN_INDEXING"'.
src/messaging-system/capabilities/tests/AdapterCapabilityMatrixConformance.spec.ts(188,13): error TS2322: Type 'Readonly<{ adapterId: "a1"; adapterType: "SYSTEM_INTERNAL"; supportedCapabilities: readonly string[]; supportedMessageKinds: readonly ("request" | "search" | "signal" | "index" | "voice" | "summary" | "notify" | "confirm" | "inform" | "gate")[]; }>' is not assignable to type 'AdapterDescriptor'.
  Types of property 'supportedCapabilities' are incompatible.
    Type 'readonly string[]' is not assignable to type 'readonly ("TEXT_SEND" | "VOICE_SEND" | "VOICE_TRANSCRIPTION" | "AI_SUMMARY" | "THREAD_SYNTHESIS" | "SEMANTIC_SEARCH" | "INBOX_PRIORITIZATION" | "ANTI_GHOSTING_SIGNAL" | "SOCIAL_COACH_SIGNAL" | "DIGITAL_WELLBEING_GATE" | "SECOND_BRAIN_INDEXING")[]'.
      Type 'string' is not assignable to type '"TEXT_SEND" | "VOICE_SEND" | "VOICE_TRANSCRIPTION" | "AI_SUMMARY" | "THREAD_SYNTHESIS" | "SEMANTIC_SEARCH" | "INBOX_PRIORITIZATION" | "ANTI_GHOSTING_SIGNAL" | "SOCIAL_COACH_SIGNAL" | "DIGITAL_WELLBEING_GATE" | "SECOND_BRAIN_INDEXING"'.
src/messaging-system/contract/tests/MessagingContractConformance.spec.ts(38,3): error TS2322: Type 'Readonly<{ intents: readonly Readonly<{ intentId: string; selectionId: "s1"; intentType: string; description: "d"; derivedAt: string; }>[]; derivedAt: string; }>' is not assignable to type 'IrisActionIntentSnapshot'.
  Types of property 'intents' are incompatible.
    Type 'readonly Readonly<{ intentId: string; selectionId: "s1"; intentType: string; description: "d"; derivedAt: string; }>[]' is not assignable to type 'readonly IrisActionIntent[]'.
      Type 'Readonly<{ intentId: string; selectionId: "s1"; intentType: string; description: "d"; derivedAt: string; }>' is not assignable to type 'IrisActionIntent'.
        Types of property 'intentType' are incompatible.
          Type 'string' is not assignable to type '"request" | "notify" | "confirm" | "inform" | "follow_up" | "escalate" | "broadcast"'.
src/messaging-system/dry-run/tests/DryRunConformance.spec.ts(20,8): error TS6133: 'DryRunResult' is declared but its value is never read.
src/messaging-system/dry-run/tests/DryRunConformance.spec.ts(54,3): error TS2322: Type 'Readonly<{ requirements: readonly unknown[]; blockers: readonly unknown[]; hints: readonly unknown[]; derivedAt: string; }>' is not assignable to type 'ExecutionSemanticSnapshot'.
  Types of property 'requirements' are incompatible.
    Type 'readonly unknown[]' is not assignable to type 'readonly ExecutionSemanticRequirement[]'.
      Type 'unknown' is not assignable to type 'ExecutionSemanticRequirement'.
src/messaging-system/dry-run/tests/DryRunConformance.spec.ts(262,20): error TS6133: 'planSnap' is declared but its value is never read.
src/messaging-system/execution-boundary/tests/ExecutionBoundaryConformance.spec.ts(86,17): error TS6133: 'isOnlyInterface' is declared but its value is never read.
src/messaging-system/execution-boundary/tests/ExecutionBoundaryConformance.spec.ts(159,13): error TS6133: 'step' is declared but its value is never read.
src/messaging-system/execution-readiness/tests/ExecutionReadinessConformance.spec.ts(46,3): error TS2322: Type 'Readonly<{ requirements: readonly unknown[]; blockers: readonly unknown[]; hints: readonly unknown[]; derivedAt: string; }>' is not assignable to type 'ExecutionSemanticSnapshot'.
  Types of property 'requirements' are incompatible.
    Type 'readonly unknown[]' is not assignable to type 'readonly ExecutionSemanticRequirement[]'.
      Type 'unknown' is not assignable to type 'ExecutionSemanticRequirement'.
src/messaging-system/execution/tests/C4.ExecutionEngineConformance.spec.ts(112,24): error TS2352: Conversion of type 'Readonly<{ plan: Readonly<ActionPlan>; readinessStatus: "BLOCKED"; }>' to type 'ExecutableActionPlanSnapshot' may be a mistake because neither type sufficiently overlaps with the other. If this was intentional, convert the expression to 'unknown' first.
  Types of property 'readinessStatus' are incompatible.
    Type '"BLOCKED"' is not comparable to type '"READY"'.
src/messaging-system/feedback/ExecutionFeedbackEngine.ts(52,3): error TS6133: 'derivedAt' is declared but its value is never read.
src/messaging-system/feedback/ExecutionFeedbackEngine.ts(83,54): error TS2339: Property 'completedAt' does not exist on type 'ExecutionResultSnapshot | readonly ExecutionResultSnapshot[]'.
  Property 'completedAt' does not exist on type 'readonly ExecutionResultSnapshot[]'.
src/messaging-system/feedback/tests/ExecutionFeedbackConformance.spec.ts(16,8): error TS6133: 'ExecutionFeedbackSnapshot' is declared but its value is never read.
src/messaging-system/feedback/tests/ExecutionFeedbackConformance.spec.ts(17,8): error TS6133: 'ExecutionFeedbackEvent' is declared but its value is never read.
src/messaging-system/ux-state/tests/UxStateProjectionConformance.spec.ts(14,8): error TS6133: 'UxStateSnapshot' is declared but its value is never read.
src/messaging-system/ux-state/tests/UxStateProjectionConformance.spec.ts(15,8): error TS6133: 'UxState' is declared but its value is never read.
src/observability/logger.ts(85,7): error TS2322: Type 'string' is not assignable to type '"iris-api"'.
src/platform/features/tests/FeatureToggleService.spec.ts(11,3): error TS6133: 'featureDisabled' is declared but its value is never read.
src/platform/features/tests/FeatureToggleService.spec.ts(69,27): error TS2339: Property 'reason' does not exist on type 'FeatureDecision'.
  Property 'reason' does not exist on type '{ readonly enabled: true; }'.
src/platform/features/tests/FeatureToggleService.spec.ts(70,27): error TS2339: Property 'reason' does not exist on type 'FeatureDecision'.
  Property 'reason' does not exist on type '{ readonly enabled: true; }'.
src/platform/features/tests/FeatureToggleService.spec.ts(87,25): error TS2339: Property 'reason' does not exist on type 'FeatureDecision'.
  Property 'reason' does not exist on type '{ readonly enabled: true; }'.
src/platform/features/tests/FeatureToggleService.spec.ts(88,25): error TS2339: Property 'reason' does not exist on type 'FeatureDecision'.
  Property 'reason' does not exist on type '{ readonly enabled: true; }'.
src/platform/features/tests/FeatureToggleService.spec.ts(172,24): error TS2339: Property 'reason' does not exist on type 'FeatureDecision'.
  Property 'reason' does not exist on type '{ readonly enabled: true; }'.
src/product/demo-scenarios/buildDemoUxContract.ts(12,3): error TS6133: 'DEMO_SCENARIO_COMPONENT_ID' is declared but its value is never read.
src/product/feature-pipelines/DefaultFeaturePipelineRegistry.ts(10,31): error TS2315: Type 'FeaturePipeline' is not generic.
src/product/feature-pipelines/DefaultFeaturePipelineRegistry.ts(12,22): error TS2315: Type 'FeaturePipeline' is not generic.
src/product/feature-pipelines/DefaultFeaturePipelineRegistry.ts(16,22): error TS2315: Type 'FeaturePipeline' is not generic.
src/product/feature-pipelines/FeaturePipelineRegistry.ts(9,22): error TS2315: Type 'FeaturePipeline' is not generic.
src/product/feature-pipelines/FeaturePipelineRegistry.ts(10,22): error TS2315: Type 'FeaturePipeline' is not generic.
src/product/feature-pipelines/pipelines/daily-focus/DailyFocusPipeline.ts(6,38): error TS2307: Cannot find module '../../../FeaturePipeline' or its corresponding type declarations.
src/product/feature-pipelines/pipelines/daily-focus/DailyFocusPipeline.ts(7,43): error TS2307: Cannot find module '../../../FeaturePipelineInput' or its corresponding type declarations.
src/product/feature-pipelines/pipelines/smart-summary/SmartSummaryOutput.ts(6,37): error TS2307: Cannot find module '../../../../ux-experience/UxExperienceState' or its corresponding type declarations.
src/product/feature-pipelines/pipelines/smart-summary/SmartSummaryPipeline.ts(6,38): error TS2307: Cannot find module '../../../FeaturePipeline' or its corresponding type declarations.
src/product/feature-pipelines/pipelines/smart-summary/SmartSummaryPipeline.ts(7,43): error TS2307: Cannot find module '../../../FeaturePipelineInput' or its corresponding type declarations.
src/product/feature-pipelines/pipelines/voice-readiness/VoiceReadinessPipeline.ts(6,38): error TS2307: Cannot find module '../../../FeaturePipeline' or its corresponding type declarations.
src/product/feature-pipelines/pipelines/voice-readiness/VoiceReadinessPipeline.ts(7,43): error TS2307: Cannot find module '../../../FeaturePipelineInput' or its corresponding type declarations.
src/product/feature-pipelines/pipelines/wellbeing/WellbeingPipeline.ts(6,38): error TS2307: Cannot find module '../../../FeaturePipeline' or its corresponding type declarations.
src/product/feature-pipelines/pipelines/wellbeing/WellbeingPipeline.ts(7,43): error TS2307: Cannot find module '../../../FeaturePipelineInput' or its corresponding type declarations.
src/product/feature-pipelines/tests/FeaturePipelineConformance.spec.ts(17,8): error TS6133: 'FeatureOutput' is declared but its value is never read.
src/product/orchestration/DefaultFeatureOrchestrator.ts(68,41): error TS6133: 'now' is declared but its value is never read.
src/product/user-preferences/tests/UserPreferenceConformance.spec.ts(62,23): error TS2339: Property 'reason' does not exist on type 'UserPreferenceDecision'.
  Property 'reason' does not exist on type '{ readonly status: "ALLOWED"; }'.
src/product/user-preferences/tests/UserPreferenceConformance.spec.ts(71,23): error TS2339: Property 'reason' does not exist on type 'UserPreferenceDecision'.
  Property 'reason' does not exist on type '{ readonly status: "ALLOWED"; }'.
src/product/ux-experience/tests/UxExperienceConformance.spec.ts(45,3): error TS2322: Type 'Readonly<{ states: readonly Readonly<{ stateId: string; stateType: string; title: string; derivedAt: number; }>[]; derivedAt: number; }>' is not assignable to type 'UxStateSnapshot'.
  Types of property 'states' are incompatible.
    Type 'readonly Readonly<{ stateId: string; stateType: string; title: string; derivedAt: number; }>[]' is not assignable to type 'readonly UxState[]'.
      Type 'Readonly<{ stateId: string; stateType: string; title: string; derivedAt: number; }>' is not assignable to type 'UxState'.
        Types of property 'stateType' are incompatible.
          Type 'string' is not assignable to type '"FOCUS_ACTIVE" | "WELLBEING_BLOCK" | "WAITING_REPLY" | "ACTION_PENDING" | "INFO" | "SUMMARY_AVAILABLE" | "VOICE_READY" | "DELIVERY_FAILED" | "DELIVERY_SUCCESS" | "SYSTEM_NOTICE"'.
src/read-platform/cache/AdaptiveReadCacheStrategy.ts(6,30): error TS2307: Cannot find module '../../core/read-sla' or its corresponding type declarations.
src/read-platform/cache/ReadCacheStrategy.ts(6,30): error TS2307: Cannot find module '../../core/read-sla' or its corresponding type declarations.
src/read-platform/freshness/ReadFreshnessGuard.ts(7,30): error TS2307: Cannot find module '../../core/read-sla' or its corresponding type declarations.
src/read-platform/migrations/tests/ReadModelMigration.spec.ts(30,24): error TS6133: 'targetVersion' is declared but its value is never read.
src/read-platform/observability/ReadSLAViolationEmitter.ts(7,30): error TS2307: Cannot find module '../../core/read-sla' or its corresponding type declarations.
src/read-platform/ProjectionRunner.ts(67,9): error TS6133: 'lastError' is declared but its value is never read.
src/runtime/config/schema.ts(21,15): error TS6196: 'AppConfig' is declared but never used.
src/runtime/config/validateConfig.ts(124,12): error TS2540: Cannot assign to 'sqlite' because it is a read-only property.
src/runtime/node_runtime.ts(124,11): error TS6133: 'decision' is declared but its value is never read.
src/runtime/node_runtime.ts(124,37): error TS2352: Conversion of type 'ComplianceDecision | RuntimeDecision' to type 'Record<string, unknown>' may be a mistake because neither type sufficiently overlaps with the other. If this was intentional, convert the expression to 'unknown' first.
  Type 'RuntimeDecision' is not comparable to type 'Record<string, unknown>'.
    Index signature for type 'string' is missing in type 'RuntimeDecision'.
src/runtime/queue/execution_queue.ts(62,54): error TS2352: Conversion of type 'ComplianceDecision | RuntimeDecision' to type 'Record<string, unknown>' may be a mistake because neither type sufficiently overlaps with the other. If this was intentional, convert the expression to 'unknown' first.
  Type 'RuntimeDecision' is not comparable to type 'Record<string, unknown>'.
    Index signature for type 'string' is missing in type 'RuntimeDecision'.
src/runtime/shutdown/gracefulShutdown.ts(72,17): error TS2540: Cannot assign to 'inProgress' because it is a read-only property.
src/runtime/shutdown/gracefulShutdown.ts(73,17): error TS2540: Cannot assign to 'startTime' because it is a read-only property.
src/semantic-layer/engine/SemanticModuleOutput.ts(7,3): error TS6196: 'SemanticState' is declared but never used.
src/semantic-layer/engine/tests/8.2.3-explanations-conformance.spec.ts(16,1): error TS6133: 'SemanticSnapshot' is declared but its value is never read.
src/semantic-layer/engine/tests/8.2.core-freeze-conformance.spec.ts(16,1): error TS6133: 'SemanticSnapshot' is declared but its value is never read.
src/semantic-layer/engine/tests/8.2.core-freeze-conformance.spec.ts(40,31): error TS2352: Conversion of type 'SemanticSnapshot' to type 'Record<string, unknown>' may be a mistake because neither type sufficiently overlaps with the other. If this was intentional, convert the expression to 'unknown' first.
  Index signature for type 'string' is missing in type 'SemanticSnapshot'.
src/semantic-layer/engine/tests/SemanticAggregator.spec.ts(8,21): error TS6133: 'createEmptySnapshot' is declared but its value is never read.
src/semantic-layer/engine/tests/SemanticAggregator.spec.ts(10,1): error TS6133: 'SemanticSnapshot' is declared but its value is never read.
src/semantic-layer/engine/tests/SemanticAggregator.spec.ts(58,28): error TS2304: Cannot find name 'Phase8KillSwitchRegistryImpl'.
src/semantic-layer/engine/tests/SemanticAggregator.spec.ts(59,24): error TS2304: Cannot find name 'SemanticEngine'.
